0 verbose cli D:\Program Files\nodejs\node.exe D:\Program Files\nodejs\node_modules\npm\bin\npm-cli.js
1 info using npm@11.9.0
2 info using node@v24.14.0
3 silly config load:file:D:\Program Files\nodejs\node_modules\npm\npmrc
4 silly config load:file:D:\work\code\deploy_code\.npmrc
5 silly config load:file:C:\Users\52969\.npmrc
6 silly config load:file:C:\Users\52969\AppData\Roaming\npm\etc\npmrc
7 verbose title npm list @tauri-apps/api @tauri-apps/plugin-biometric @tauri-apps/plugin-persisted-scope @tauri-apps/plugin-os @tauri-apps/plugin-clipboard-manager @tauri-apps/plugin-store @tauri-apps/plugin-shell @tauri-apps/plugin-fs @tauri-apps/plugin-process @tauri-apps/plugin-single-instance @tauri-apps/plugin-nfc @tauri-apps/plugin-barcode-scanner @tauri-apps/plugin-notification @tauri-apps/plugin-global-shortcut @tauri-apps/plugin-localhost @tauri-apps/plugin-log @tauri-apps/plugin-websocket @tauri-apps/plugin-autostart @tauri-apps/plugin-positioner @tauri-apps/plugin-sql @tauri-apps/plugin-geolocation @tauri-apps/plugin-haptics @tauri-apps/plugin-window-state @tauri-apps/plugin-cli @tauri-apps/plugin-deep-link @tauri-apps/plugin-updater @tauri-apps/plugin-authenticator @tauri-apps/plugin-opener @tauri-apps/plugin-upload @tauri-apps/plugin-http @tauri-apps/plugin-stronghold @tauri-apps/plugin-dialog
8 verbose argv "list" "@tauri-apps/api" "@tauri-apps/plugin-biometric" "@tauri-apps/plugin-persisted-scope" "@tauri-apps/plugin-os" "@tauri-apps/plugin-clipboard-manager" "@tauri-apps/plugin-store" "@tauri-apps/plugin-shell" "@tauri-apps/plugin-fs" "@tauri-apps/plugin-process" "@tauri-apps/plugin-single-instance" "@tauri-apps/plugin-nfc" "@tauri-apps/plugin-barcode-scanner" "@tauri-apps/plugin-notification" "@tauri-apps/plugin-global-shortcut" "@tauri-apps/plugin-localhost" "@tauri-apps/plugin-log" "@tauri-apps/plugin-websocket" "@tauri-apps/plugin-autostart" "@tauri-apps/plugin-positioner" "@tauri-apps/plugin-sql" "@tauri-apps/plugin-geolocation" "@tauri-apps/plugin-haptics" "@tauri-apps/plugin-window-state" "@tauri-apps/plugin-cli" "@tauri-apps/plugin-deep-link" "@tauri-apps/plugin-updater" "@tauri-apps/plugin-authenticator" "@tauri-apps/plugin-opener" "@tauri-apps/plugin-upload" "@tauri-apps/plugin-http" "@tauri-apps/plugin-stronghold" "@tauri-apps/plugin-dialog" "--json" "--depth" "0"
9 verbose logfile logs-max:10 dir:D:\work\code\deploy_code\.tauri-localappdata\npm-cache\_logs\2026-09-14T03_24_50_743Z-
10 verbose logfile D:\work\code\deploy_code\.tauri-localappdata\npm-cache\_logs\2026-09-14T03_24_50_743Z-debug-0.log
11 silly logfile done cleaning log files
12 silly packumentCache heap:4496293888 maxSize:1124073472 maxEntrySize:562036736
13 verbose shrinkwrap failed to load node_modules/.package-lock.json out of date, updated: node_modules
14 verbose cwd D:\work\code\deploy_code
15 verbose os Windows_NT 10.0.26200
16 verbose node v24.14.0
17 verbose npm  v11.9.0
18 verbose exit 0
19 info ok
